// Jest Snapshot v1, https://goo.gl/fbAQLP

exports[`createPages tbd 1`] = `true`;
